41.228.221.221 - - [20/Feb/2017:11:22:13 +0100] "GET /login HTTP/1.1" 404 514 "-" "Mozilla/5.0 (X11; Linux x86_64) AppleWebKit/537.36 (KHTML, like Gecko) Chrome/56.0.2924.76 Safari/537.36"
41.228.221.221 - - [20/Feb/2017:11:22:15 +0100] "GET / HTTP/1.1" 200 793 "-" "Mozilla/5.0 (X11; Linux x86_64) AppleWebKit/537.36 (KHTML, like Gecko) Chrome/56.0.2924.76 Safari/537.36"
41.228.221.221 - - [20/Feb/2017:11:22:15 +0100] "GET /icons/blank.gif HTTP/1.1" 200 437 "http://www.passeport-securite-interim-btp.fr/" "Mozilla/5.0 (X11; Linux x86_64) AppleWebKit/537.36 (KHTML, like Gecko) Chrome/56.0.2924.76 Safari/537.36"
41.228.221.221 - - [20/Feb/2017:11:22:15 +0100] "GET /icons/text.gif HTTP/1.1" 200 519 "http://www.passeport-securite-interim-btp.fr/" "Mozilla/5.0 (X11; Linux x86_64) AppleWebKit/537.36 (KHTML, like Gecko) Chrome/56.0.2924.76 Safari/537.36"
41.228.221.221 - - [20/Feb/2017:11:22:15 +0100] "GET /icons/folder.gif HTTP/1.1" 200 515 "http://www.passeport-securite-interim-btp.fr/" "Mozilla/5.0 (X11; Linux x86_64) AppleWebKit/537.36 (KHTML, like Gecko) Chrome/56.0.2924.76 Safari/537.36"
41.228.221.221 - - [20/Feb/2017:11:22:17 +0100] "GET /9fdd35d1a2d5574eb177c1938ffc9701.txt HTTP/1.1" 200 356 "http://www.passeport-securite-interim-btp.fr/" "Mozilla/5.0 (X11; Linux x86_64) AppleWebKit/537.36 (KHTML, like Gecko) Chrome/56.0.2924.76 Safari/537.36"
176.31.236.72 - - [20/Feb/2017:11:22:21 +0100] "GET /9fdd35d1a2d5574eb177c1938ffc9701.txt HTTP/1.1" 200 256 "-" "Mozilla/4.0"
41.228.221.221 - - [20/Feb/2017:11:22:44 +0100] "GET /9fdd35d1a2d5574eb177c1938ffc9701.txt HTTP/1.1" 200 357 "-" "Mozilla/5.0 (X11; Linux x86_64) AppleWebKit/537.36 (KHTML, like Gecko) Chrome/56.0.2924.76 Safari/537.36"
195.154.11.248 - - [21/Feb/2017:14:20:01 +0100] "GET / HTTP/1.1" 500 208 "http://www.google.com" "Mozilla/5.0 (Windows; U; Windows NT 5.1; en-US; rv:1.8.1.6) Gecko/20070725 Firefox/2.0.0.6"
66.23.239.74 - - [21/Feb/2017:17:52:58 +0100] "GET / HTTP/1.1" 500 208 "-" "Java/1.8.0_91"
69.10.41.162 - - [22/Feb/2017:04:49:30 +0100] "GET / HTTP/1.1" 500 208 "-" "Java/1.8.0_91"
69.10.41.162 - - [23/Feb/2017:04:45:41 +0100] "GET / HTTP/1.1" 500 208 "-" "Java/1.8.0_91"
195.154.11.248 - - [28/Feb/2017:14:24:00 +0100] "GET / HTTP/1.1" 500 208 "http://www.google.com" "Mozilla/5.0 (Windows; U; Windows NT 5.1; en-US; rv:1.8.1.6) Gecko/20070725 Firefox/2.0.0.6"
52.72.33.140 - - [04/Mar/2017:05:08:05 +0100] "GET / HTTP/1.1" 500 253 "-" "Faraday v0.10.0"
41.228.209.91 - - [07/Mar/2017:17:23:32 +0100] "GET /statistiques/ HTTP/1.1" 500 651 "-" "Mozilla/5.0 (X11; Linux x86_64) AppleWebKit/537.36 (KHTML, like Gecko) Chrome/56.0.2924.76 Safari/537.36"
41.228.209.91 - - [07/Mar/2017:17:23:32 +0100] "GET /favicon.ico HTTP/1.1" 500 651 "http://www.passeport-securite-interim-btp.fr/statistiques/" "Mozilla/5.0 (X11; Linux x86_64) AppleWebKit/537.36 (KHTML, like Gecko) Chrome/56.0.2924.76 Safari/537.36"
41.228.209.91 - - [07/Mar/2017:17:23:35 +0100] "GET / HTTP/1.1" 500 651 "-" "Mozilla/5.0 (X11; Linux x86_64) AppleWebKit/537.36 (KHTML, like Gecko) Chrome/56.0.2924.76 Safari/537.36"
41.228.209.91 - - [07/Mar/2017:17:23:35 +0100] "GET / HTTP/1.1" 500 651 "-" "Mozilla/5.0 (X11; Linux x86_64) AppleWebKit/537.36 (KHTML, like Gecko) Chrome/56.0.2924.76 Safari/537.36"
41.228.209.91 - - [07/Mar/2017:17:23:35 +0100] "GET /favicon.ico HTTP/1.1" 500 651 "http://www.passeport-securite-interim-btp.fr/" "Mozilla/5.0 (X11; Linux x86_64) AppleWebKit/537.36 (KHTML, like Gecko) Chrome/56.0.2924.76 Safari/537.36"
41.228.209.91 - - [07/Mar/2017:17:23:53 +0100] "-" 408 0 "-" "-"
41.228.209.91 - - [07/Mar/2017:17:23:55 +0100] "GET / HTTP/1.1" 500 651 "-" "Mozilla/5.0 (X11; Linux x86_64) AppleWebKit/537.36 (KHTML, like Gecko) Chrome/56.0.2924.76 Safari/537.36"
41.228.209.91 - - [07/Mar/2017:17:23:55 +0100] "GET /favicon.ico HTTP/1.1" 500 651 "http://www.passeport-securite-interim-btp.fr/" "Mozilla/5.0 (X11; Linux x86_64) AppleWebKit/537.36 (KHTML, like Gecko) Chrome/56.0.2924.76 Safari/537.36"
41.228.209.91 - - [07/Mar/2017:17:24:12 +0100] "GET / HTTP/1.1" 500 651 "-" "Mozilla/5.0 (X11; Linux x86_64) AppleWebKit/537.36 (KHTML, like Gecko) Chrome/56.0.2924.76 Safari/537.36"
41.228.209.91 - - [07/Mar/2017:17:24:12 +0100] "GET /favicon.ico HTTP/1.1" 500 651 "http://www.passeport-securite-interim-btp.fr/" "Mozilla/5.0 (X11; Linux x86_64) AppleWebKit/537.36 (KHTML, like Gecko) Chrome/56.0.2924.76 Safari/537.36"
41.228.209.91 - - [07/Mar/2017:17:24:33 +0100] "-" 408 0 "-" "-"
41.228.209.91 - - [07/Mar/2017:17:24:47 +0100] "GET / HTTP/1.1" 500 253 "-" "Mozilla/5.0 (X11; Linux x86_64) AppleWebKit/537.36 (KHTML, like Gecko) Chrome/56.0.2924.76 Safari/537.36"
41.228.209.91 - - [07/Mar/2017:17:25:08 +0100] "-" 408 0 "-" "-"
41.228.209.91 - - [07/Mar/2017:17:25:08 +0100] "-" 408 0 "-" "-"
41.228.209.91 - - [07/Mar/2017:17:25:12 +0100] "GET / HTTP/1.1" 302 563 "-" "Mozilla/5.0 (X11; Linux x86_64) AppleWebKit/537.36 (KHTML, like Gecko) Chrome/56.0.2924.76 Safari/537.36"
41.228.209.91 - - [07/Mar/2017:17:25:13 +0100] "GET /login HTTP/1.1" 200 1769 "-" "Mozilla/5.0 (X11; Linux x86_64) AppleWebKit/537.36 (KHTML, like Gecko) Chrome/56.0.2924.76 Safari/537.36"
41.228.209.91 - - [07/Mar/2017:17:25:15 +0100] "POST /login_check HTTP/1.1" 302 621 "http://www.passeport-securite-interim-btp.fr/login" "Mozilla/5.0 (X11; Linux x86_64) AppleWebKit/537.36 (KHTML, like Gecko) Chrome/56.0.2924.76 Safari/537.36"
41.228.209.91 - - [07/Mar/2017:17:25:16 +0100] "GET / HTTP/1.1" 302 497 "http://www.passeport-securite-interim-btp.fr/login" "Mozilla/5.0 (X11; Linux x86_64) AppleWebKit/537.36 (KHTML, like Gecko) Chrome/56.0.2924.76 Safari/537.36"
41.228.209.91 - - [07/Mar/2017:17:25:16 +0100] "GET /statistiques/ HTTP/1.1" 200 3342 "http://www.passeport-securite-interim-btp.fr/login" "Mozilla/5.0 (X11; Linux x86_64) AppleWebKit/537.36 (KHTML, like Gecko) Chrome/56.0.2924.76 Safari/537.36"
41.228.209.91 - - [07/Mar/2017:17:25:18 +0100] "GET /apprenants/ HTTP/1.1" 200 2583 "http://www.passeport-securite-interim-btp.fr/statistiques/" "Mozilla/5.0 (X11; Linux x86_64) AppleWebKit/537.36 (KHTML, like Gecko) Chrome/56.0.2924.76 Safari/537.36"
41.228.209.91 - - [07/Mar/2017:17:25:33 +0100] "-" 408 0 "-" "-"
41.228.209.91 - - [07/Mar/2017:17:25:33 +0100] "-" 408 0 "-" "-"
41.228.209.91 - - [07/Mar/2017:17:27:30 +0100] "GET /apprenants/ HTTP/1.1" 302 563 "http://www.passeport-securite-interim-btp.fr/login" "Mozilla/5.0 (X11; Linux x86_64) AppleWebKit/537.36 (KHTML, like Gecko) Chrome/56.0.2924.76 Safari/537.36"
41.228.209.91 - - [07/Mar/2017:17:27:30 +0100] "GET /login HTTP/1.1" 200 1769 "http://www.passeport-securite-interim-btp.fr/login" "Mozilla/5.0 (X11; Linux x86_64) AppleWebKit/537.36 (KHTML, like Gecko) Chrome/56.0.2924.76 Safari/537.36"
41.228.209.91 - - [07/Mar/2017:17:27:31 +0100] "GET /bundles/app/vendor/modernizr/modernizr.js HTTP/1.1" 200 6043 "http://www.passeport-securite-interim-btp.fr/login" "Mozilla/5.0 (X11; Linux x86_64) AppleWebKit/537.36 (KHTML, like Gecko) Chrome/56.0.2924.76 Safari/537.36"
41.228.209.91 - - [07/Mar/2017:17:27:31 +0100] "GET /css/25271c8.css HTTP/1.1" 200 84303 "http://www.passeport-securite-interim-btp.fr/login" "Mozilla/5.0 (X11; Linux x86_64) AppleWebKit/537.36 (KHTML, like Gecko) Chrome/56.0.2924.76 Safari/537.36"
41.228.209.91 - - [07/Mar/2017:17:27:31 +0100] "GET /bundles/app/img/logo.png HTTP/1.1" 200 1014 "http://www.passeport-securite-interim-btp.fr/login" "Mozilla/5.0 (X11; Linux x86_64) AppleWebKit/537.36 (KHTML, like Gecko) Chrome/56.0.2924.76 Safari/537.36"
41.228.209.91 - - [07/Mar/2017:17:27:31 +0100] "GET /bundles/app/vendor/font-awesome/fonts/fontawesome-webfont.woff2?v=4.5.0 HTTP/1.1" 200 66894 "http://www.passeport-securite-interim-btp.fr/css/25271c8.css" "Mozilla/5.0 (X11; Linux x86_64) AppleWebKit/537.36 (KHTML, like Gecko) Chrome/56.0.2924.76 Safari/537.36"
41.228.209.91 - - [07/Mar/2017:17:27:31 +0100] "GET /js/07c30c9.js HTTP/1.1" 200 171138 "http://www.passeport-securite-interim-btp.fr/login" "Mozilla/5.0 (X11; Linux x86_64) AppleWebKit/537.36 (KHTML, like Gecko) Chrome/56.0.2924.76 Safari/537.36"
41.228.209.91 - - [07/Mar/2017:17:27:31 +0100] "GET /bg.jpeg HTTP/1.1" 200 151240 "http://www.passeport-securite-interim-btp.fr/login" "Mozilla/5.0 (X11; Linux x86_64) AppleWebKit/537.36 (KHTML, like Gecko) Chrome/56.0.2924.76 Safari/537.36"
41.228.209.91 - - [07/Mar/2017:17:27:33 +0100] "POST /login_check HTTP/1.1" 302 638 "http://www.passeport-securite-interim-btp.fr/login" "Mozilla/5.0 (X11; Linux x86_64) AppleWebKit/537.36 (KHTML, like Gecko) Chrome/56.0.2924.76 Safari/537.36"
41.228.209.91 - - [07/Mar/2017:17:27:33 +0100] "GET /apprenants/ HTTP/1.1" 200 2583 "http://www.passeport-securite-interim-btp.fr/login" "Mozilla/5.0 (X11; Linux x86_64) AppleWebKit/537.36 (KHTML, like Gecko) Chrome/56.0.2924.76 Safari/537.36"
138.197.12.240 - - [07/Mar/2017:18:54:27 +0100] "HEAD / HTTP/1.1" 302 333 "http://www.netcraft.com/survey/" "Mozilla/4.0 (compatible; Netcraft Web Server Survey)"
195.154.11.248 - - [07/Mar/2017:23:01:45 +0100] "GET / HTTP/1.1" 302 819 "http://www.google.com" "Mozilla/5.0 (Windows; U; Windows NT 5.1; en-US; rv:1.8.1.6) Gecko/20070725 Firefox/2.0.0.6"
195.154.11.248 - - [07/Mar/2017:23:01:45 +0100] "GET /login HTTP/1.1" 200 4408 "http://www.google.com" "Mozilla/5.0 (Windows; U; Windows NT 5.1; en-US; rv:1.8.1.6) Gecko/20070725 Firefox/2.0.0.6"
52.87.10.90 - - [09/Mar/2017:18:22:35 +0100] "GET / HTTP/1.1" 302 586 "-" "Faraday v0.10.0"
52.87.10.90 - - [09/Mar/2017:18:22:36 +0100] "GET / HTTP/1.1" 302 623 "-" "Mozilla/5.0 (X11; Linux x86_64; rv:45.0) Gecko/20100101 Firefox/45.0"
52.87.10.90 - - [09/Mar/2017:18:22:36 +0100] "GET /login HTTP/1.1" 200 1772 "-" "Mozilla/5.0 (X11; Linux x86_64; rv:45.0) Gecko/20100101 Firefox/45.0"
52.87.10.90 - - [09/Mar/2017:18:22:36 +0100] "GET /bundles/app/vendor/modernizr/modernizr.js HTTP/1.1" 200 6043 "http://passeport-securite-interim-btp.fr/login" "Mozilla/5.0 (X11; Linux x86_64; rv:45.0) Gecko/20100101 Firefox/45.0"
52.87.10.90 - - [09/Mar/2017:18:22:36 +0100] "GET /css/25271c8.css HTTP/1.1" 200 84303 "http://passeport-securite-interim-btp.fr/login" "Mozilla/5.0 (X11; Linux x86_64; rv:45.0) Gecko/20100101 Firefox/45.0"
52.87.10.90 - - [09/Mar/2017:18:22:36 +0100] "GET /favicon.png HTTP/1.1" 200 1094 "-" "Mozilla/5.0 (X11; Linux x86_64; rv:45.0) Gecko/20100101 Firefox/45.0"
52.87.10.90 - - [09/Mar/2017:18:22:36 +0100] "GET /bundles/app/img/logo.png HTTP/1.1" 200 1014 "http://passeport-securite-interim-btp.fr/login" "Mozilla/5.0 (X11; Linux x86_64; rv:45.0) Gecko/20100101 Firefox/45.0"
52.87.10.90 - - [09/Mar/2017:18:22:36 +0100] "GET /js/07c30c9.js HTTP/1.1" 200 171139 "http://passeport-securite-interim-btp.fr/login" "Mozilla/5.0 (X11; Linux x86_64; rv:45.0) Gecko/20100101 Firefox/45.0"
52.87.10.90 - - [09/Mar/2017:18:22:36 +0100] "GET /bg.jpeg HTTP/1.1" 200 151239 "http://passeport-securite-interim-btp.fr/login" "Mozilla/5.0 (X11; Linux x86_64; rv:45.0) Gecko/20100101 Firefox/45.0"
52.87.10.90 - - [09/Mar/2017:18:22:37 +0100] "GET /bundles/app/vendor/font-awesome/fonts/fontawesome-webfont.woff2?v=4.5.0 HTTP/1.1" 200 66894 "http://passeport-securite-interim-btp.fr/css/25271c8.css" "Mozilla/5.0 (X11; Linux x86_64; rv:45.0) Gecko/20100101 Firefox/45.0"
174.138.95.96 - - [09/Mar/2017:18:38:29 +0100] "GET / HTTP/1.0" 302 820 "-" "Mozilla/5.0 (compatible; NetcraftSurveyAgent/1.0; +info@netcraft.com)"
174.138.95.96 - - [09/Mar/2017:18:38:31 +0100] "GET /login HTTP/1.0" 200 4478 "-" "Mozilla/5.0 (compatible; NetcraftSurveyAgent/1.0; +info@netcraft.com)"
64.246.165.190 - - [10/Mar/2017:10:51:47 +0100] "GET /robots.txt HTTP/1.0" 200 396 "-" "Mozilla/5.0 (Windows; U; Windows NT 5.1; en; rv:1.9.0.13) Gecko/2009073022 Firefox/3.5.2 (.NET CLR 3.5.30729) SurveyBot/2.3 (DomainTools)"
52.72.33.140 - - [13/Mar/2017:18:33:25 +0100] "GET / HTTP/1.1" 302 623 "-" "Mozilla/5.0 (X11; Linux x86_64; rv:45.0) Gecko/20100101 Firefox/45.0"
52.72.33.140 - - [13/Mar/2017:18:33:25 +0100] "GET /login HTTP/1.1" 200 1769 "-" "Mozilla/5.0 (X11; Linux x86_64; rv:45.0) Gecko/20100101 Firefox/45.0"
52.72.33.140 - - [13/Mar/2017:18:33:26 +0100] "GET /bundles/app/vendor/modernizr/modernizr.js HTTP/1.1" 200 6043 "http://passeport-securite-interim-btp.fr/login" "Mozilla/5.0 (X11; Linux x86_64; rv:45.0) Gecko/20100101 Firefox/45.0"
52.72.33.140 - - [13/Mar/2017:18:33:26 +0100] "GET /css/25271c8.css HTTP/1.1" 200 84303 "http://passeport-securite-interim-btp.fr/login" "Mozilla/5.0 (X11; Linux x86_64; rv:45.0) Gecko/20100101 Firefox/45.0"
52.72.33.140 - - [13/Mar/2017:18:33:26 +0100] "GET /bundles/app/img/logo.png HTTP/1.1" 200 1013 "http://passeport-securite-interim-btp.fr/login" "Mozilla/5.0 (X11; Linux x86_64; rv:45.0) Gecko/20100101 Firefox/45.0"
52.72.33.140 - - [13/Mar/2017:18:33:26 +0100] "GET /favicon.png HTTP/1.1" 200 1094 "-" "Mozilla/5.0 (X11; Linux x86_64; rv:45.0) Gecko/20100101 Firefox/45.0"
52.72.33.140 - - [13/Mar/2017:18:33:26 +0100] "GET /js/07c30c9.js HTTP/1.1" 200 171139 "http://passeport-securite-interim-btp.fr/login" "Mozilla/5.0 (X11; Linux x86_64; rv:45.0) Gecko/20100101 Firefox/45.0"
52.72.33.140 - - [13/Mar/2017:18:33:26 +0100] "GET /bg.jpeg HTTP/1.1" 200 151239 "http://passeport-securite-interim-btp.fr/login" "Mozilla/5.0 (X11; Linux x86_64; rv:45.0) Gecko/20100101 Firefox/45.0"
52.72.33.140 - - [13/Mar/2017:18:33:26 +0100] "GET /bundles/app/vendor/font-awesome/fonts/fontawesome-webfont.woff2?v=4.5.0 HTTP/1.1" 200 66894 "http://passeport-securite-interim-btp.fr/css/25271c8.css" "Mozilla/5.0 (X11; Linux x86_64; rv:45.0) Gecko/20100101 Firefox/45.0"
41.225.206.25 - - [16/Mar/2017:16:56:10 +0100] "GET / HTTP/1.1" 302 631 "-" "Mozilla/5.0 (Windows NT 6.1; Win64; x64) AppleWebKit/537.36 (KHTML, like Gecko) Chrome/56.0.2924.87 Safari/537.36"
41.225.206.25 - - [16/Mar/2017:16:56:10 +0100] "GET /login HTTP/1.1" 200 1771 "-" "Mozilla/5.0 (Windows NT 6.1; Win64; x64) AppleWebKit/537.36 (KHTML, like Gecko) Chrome/56.0.2924.87 Safari/537.36"
41.225.206.25 - - [16/Mar/2017:16:56:10 +0100] "GET /bundles/app/vendor/modernizr/modernizr.js HTTP/1.1" 200 6043 "http://www.passeport-securite-interim-btp.fr/login" "Mozilla/5.0 (Windows NT 6.1; Win64; x64) AppleWebKit/537.36 (KHTML, like Gecko) Chrome/56.0.2924.87 Safari/537.36"
41.225.206.25 - - [16/Mar/2017:16:56:10 +0100] "GET /css/25271c8.css HTTP/1.1" 200 84303 "http://www.passeport-securite-interim-btp.fr/login" "Mozilla/5.0 (Windows NT 6.1; Win64; x64) AppleWebKit/537.36 (KHTML, like Gecko) Chrome/56.0.2924.87 Safari/537.36"
41.225.206.25 - - [16/Mar/2017:16:56:10 +0100] "GET /bundles/app/img/logo.png HTTP/1.1" 200 1013 "http://www.passeport-securite-interim-btp.fr/login" "Mozilla/5.0 (Windows NT 6.1; Win64; x64) AppleWebKit/537.36 (KHTML, like Gecko) Chrome/56.0.2924.87 Safari/537.36"
41.225.206.25 - - [16/Mar/2017:16:56:10 +0100] "GET /js/07c30c9.js HTTP/1.1" 200 171138 "http://www.passeport-securite-interim-btp.fr/login" "Mozilla/5.0 (Windows NT 6.1; Win64; x64) AppleWebKit/537.36 (KHTML, like Gecko) Chrome/56.0.2924.87 Safari/537.36"
41.225.206.25 - - [16/Mar/2017:16:56:11 +0100] "GET /bundles/app/vendor/font-awesome/fonts/fontawesome-webfont.woff2?v=4.5.0 HTTP/1.1" 200 66895 "http://www.passeport-securite-interim-btp.fr/css/25271c8.css" "Mozilla/5.0 (Windows NT 6.1; Win64; x64) AppleWebKit/537.36 (KHTML, like Gecko) Chrome/56.0.2924.87 Safari/537.36"
41.225.206.25 - - [16/Mar/2017:16:56:11 +0100] "GET /bg.jpeg HTTP/1.1" 200 151240 "http://www.passeport-securite-interim-btp.fr/login" "Mozilla/5.0 (Windows NT 6.1; Win64; x64) AppleWebKit/537.36 (KHTML, like Gecko) Chrome/56.0.2924.87 Safari/537.36"
41.225.206.25 - - [16/Mar/2017:16:56:11 +0100] "GET /favicon.png HTTP/1.1" 200 1094 "http://www.passeport-securite-interim-btp.fr/login" "Mozilla/5.0 (Windows NT 6.1; Win64; x64) AppleWebKit/537.36 (KHTML, like Gecko) Chrome/56.0.2924.87 Safari/537.36"
41.225.206.25 - - [16/Mar/2017:16:59:07 +0100] "GET / HTTP/1.1" 302 563 "-" "Mozilla/5.0 (Windows NT 6.1; Win64; x64) AppleWebKit/537.36 (KHTML, like Gecko) Chrome/56.0.2924.87 Safari/537.36"
41.225.206.25 - - [16/Mar/2017:16:59:07 +0100] "GET /login HTTP/1.1" 200 1771 "-" "Mozilla/5.0 (Windows NT 6.1; Win64; x64) AppleWebKit/537.36 (KHTML, like Gecko) Chrome/56.0.2924.87 Safari/537.36"
41.225.206.25 - - [16/Mar/2017:16:59:14 +0100] "GET /robots.txt HTTP/1.1" 200 465 "-" "Mozilla/5.0 (Windows NT 6.1; Win64; x64) AppleWebKit/537.36 (KHTML, like Gecko) Chrome/56.0.2924.87 Safari/537.36"
41.225.206.25 - - [16/Mar/2017:16:59:14 +0100] "GET /favicon.ico HTTP/1.1" 404 580 "http://www.passeport-securite-interim-btp.fr/robots.txt" "Mozilla/5.0 (Windows NT 6.1; Win64; x64) AppleWebKit/537.36 (KHTML, like Gecko) Chrome/56.0.2924.87 Safari/537.36"
41.225.206.25 - - [16/Mar/2017:16:59:25 +0100] "GET /sitemap.xml HTTP/1.1" 404 581 "-" "Mozilla/5.0 (Windows NT 6.1; Win64; x64) AppleWebKit/537.36 (KHTML, like Gecko) Chrome/56.0.2924.87 Safari/537.36"
52.72.33.140 - - [17/Mar/2017:18:03:44 +0100] "GET / HTTP/1.1" 302 623 "-" "Mozilla/5.0 (X11; Linux x86_64; rv:45.0) Gecko/20100101 Firefox/45.0"
52.72.33.140 - - [17/Mar/2017:18:03:45 +0100] "GET /login HTTP/1.1" 200 1769 "-" "Mozilla/5.0 (X11; Linux x86_64; rv:45.0) Gecko/20100101 Firefox/45.0"
52.72.33.140 - - [17/Mar/2017:18:03:45 +0100] "GET /bundles/app/vendor/modernizr/modernizr.js HTTP/1.1" 200 6043 "http://passeport-securite-interim-btp.fr/login" "Mozilla/5.0 (X11; Linux x86_64; rv:45.0) Gecko/20100101 Firefox/45.0"
52.72.33.140 - - [17/Mar/2017:18:03:45 +0100] "GET /css/25271c8.css HTTP/1.1" 200 84303 "http://passeport-securite-interim-btp.fr/login" "Mozilla/5.0 (X11; Linux x86_64; rv:45.0) Gecko/20100101 Firefox/45.0"
52.72.33.140 - - [17/Mar/2017:18:03:45 +0100] "GET /bundles/app/img/logo.png HTTP/1.1" 200 1013 "http://passeport-securite-interim-btp.fr/login" "Mozilla/5.0 (X11; Linux x86_64; rv:45.0) Gecko/20100101 Firefox/45.0"
52.72.33.140 - - [17/Mar/2017:18:03:45 +0100] "GET /js/07c30c9.js HTTP/1.1" 200 171139 "http://passeport-securite-interim-btp.fr/login" "Mozilla/5.0 (X11; Linux x86_64; rv:45.0) Gecko/20100101 Firefox/45.0"
52.72.33.140 - - [17/Mar/2017:18:03:45 +0100] "GET /favicon.png HTTP/1.1" 200 1094 "-" "Mozilla/5.0 (X11; Linux x86_64; rv:45.0) Gecko/20100101 Firefox/45.0"
52.72.33.140 - - [17/Mar/2017:18:03:46 +0100] "GET /bg.jpeg HTTP/1.1" 200 151239 "http://passeport-securite-interim-btp.fr/login" "Mozilla/5.0 (X11; Linux x86_64; rv:45.0) Gecko/20100101 Firefox/45.0"
52.72.33.140 - - [17/Mar/2017:18:03:46 +0100] "GET /bundles/app/vendor/font-awesome/fonts/fontawesome-webfont.woff2?v=4.5.0 HTTP/1.1" 200 66894 "http://passeport-securite-interim-btp.fr/css/25271c8.css" "Mozilla/5.0 (X11; Linux x86_64; rv:45.0) Gecko/20100101 Firefox/45.0"
82.240.30.231 - - [20/Mar/2017:15:37:31 +0100] "GET / HTTP/1.1" 302 783 "-" "Mozilla/5.0 (Windows NT 10.0; WOW64; rv:50.0) Gecko/20100101 Firefox/50.0"
82.240.30.231 - - [20/Mar/2017:15:37:31 +0100] "GET /login HTTP/1.1" 200 4421 "-" "Mozilla/5.0 (Windows NT 10.0; WOW64; rv:50.0) Gecko/20100101 Firefox/50.0"
82.240.30.231 - - [20/Mar/2017:15:37:31 +0100] "GET / HTTP/1.0" 302 840 "-" "-"
82.240.30.231 - - [20/Mar/2017:15:37:32 +0100] "GET /login HTTP/1.0" 200 4478 "-" "-"
82.240.30.231 - - [20/Mar/2017:15:37:32 +0100] "GET / HTTP/1.1" 302 783 "-" "-"
82.240.30.231 - - [20/Mar/2017:16:44:34 +0100] "GET / HTTP/1.1" 302 783 "-" "Mozilla/5.0 (Windows NT 10.0; WOW64; rv:50.0) Gecko/20100101 Firefox/50.0"
82.240.30.231 - - [20/Mar/2017:16:44:35 +0100] "GET /login HTTP/1.1" 200 4421 "-" "Mozilla/5.0 (Windows NT 10.0; WOW64; rv:50.0) Gecko/20100101 Firefox/50.0"
81.249.155.117 - - [20/Mar/2017:22:12:57 +0100] "GET / HTTP/1.1" 302 631 "-" "Mozilla/5.0 (Macintosh; Intel Mac OS X 10.11; rv:52.0) Gecko/20100101 Firefox/52.0"
81.249.155.117 - - [20/Mar/2017:22:12:57 +0100] "GET /login HTTP/1.1" 200 1837 "-" "Mozilla/5.0 (Macintosh; Intel Mac OS X 10.11; rv:52.0) Gecko/20100101 Firefox/52.0"
81.249.155.117 - - [20/Mar/2017:22:12:57 +0100] "GET /bundles/app/vendor/modernizr/modernizr.js HTTP/1.1" 200 6043 "http://www.passeport-securite-interim-btp.fr/login" "Mozilla/5.0 (Macintosh; Intel Mac OS X 10.11; rv:52.0) Gecko/20100101 Firefox/52.0"
81.249.155.117 - - [20/Mar/2017:22:12:57 +0100] "GET /css/25271c8.css HTTP/1.1" 200 84303 "http://www.passeport-securite-interim-btp.fr/login" "Mozilla/5.0 (Macintosh; Intel Mac OS X 10.11; rv:52.0) Gecko/20100101 Firefox/52.0"
81.249.155.117 - - [20/Mar/2017:22:12:57 +0100] "GET /js/07c30c9.js HTTP/1.1" 200 171139 "http://www.passeport-securite-interim-btp.fr/login" "Mozilla/5.0 (Macintosh; Intel Mac OS X 10.11; rv:52.0) Gecko/20100101 Firefox/52.0"
81.249.155.117 - - [20/Mar/2017:22:12:57 +0100] "GET /bundles/app/img/logo.png HTTP/1.1" 200 1013 "http://www.passeport-securite-interim-btp.fr/login" "Mozilla/5.0 (Macintosh; Intel Mac OS X 10.11; rv:52.0) Gecko/20100101 Firefox/52.0"
81.249.155.117 - - [20/Mar/2017:22:12:57 +0100] "GET /bg.jpeg HTTP/1.1" 200 151239 "http://www.passeport-securite-interim-btp.fr/login" "Mozilla/5.0 (Macintosh; Intel Mac OS X 10.11; rv:52.0) Gecko/20100101 Firefox/52.0"
81.249.155.117 - - [20/Mar/2017:22:12:57 +0100] "GET /bundles/app/vendor/font-awesome/fonts/fontawesome-webfont.woff2?v=4.5.0 HTTP/1.1" 200 66894 "http://www.passeport-securite-interim-btp.fr/css/25271c8.css" "Mozilla/5.0 (Macintosh; Intel Mac OS X 10.11; rv:52.0) Gecko/20100101 Firefox/52.0"
78.153.241.195 - - [24/Mar/2017:04:29:53 +0100] "GET / HTTP/1.1" 302 586 "-" "Mozilla/5.0 (Windows NT 10.0; WOW64; rv:43.0) Gecko/20100101 Firefox/43.0"
78.153.241.195 - - [24/Mar/2017:04:29:53 +0100] "GET /login HTTP/1.1" 200 1800 "-" "Mozilla/5.0 (Windows NT 10.0; WOW64; rv:43.0) Gecko/20100101 Firefox/43.0"
193.252.55.152 - - [24/Mar/2017:11:53:53 +0100] "GET / HTTP/1.1" 302 631 "-" "Mozilla/5.0 (Windows NT 6.1; WOW64) AppleWebKit/537.36 (KHTML, like Gecko) Chrome/56.0.2924.87 Safari/537.36"
193.252.55.152 - - [24/Mar/2017:11:53:53 +0100] "GET /login HTTP/1.1" 200 1773 "-" "Mozilla/5.0 (Windows NT 6.1; WOW64) AppleWebKit/537.36 (KHTML, like Gecko) Chrome/56.0.2924.87 Safari/537.36"
193.252.55.152 - - [24/Mar/2017:11:53:53 +0100] "GET /bundles/app/vendor/modernizr/modernizr.js HTTP/1.1" 200 6043 "http://www.passeport-securite-interim-btp.fr/login" "Mozilla/5.0 (Windows NT 6.1; WOW64) AppleWebKit/537.36 (KHTML, like Gecko) Chrome/56.0.2924.87 Safari/537.36"
193.252.55.152 - - [24/Mar/2017:11:53:53 +0100] "GET /css/25271c8.css HTTP/1.1" 200 84303 "http://www.passeport-securite-interim-btp.fr/login" "Mozilla/5.0 (Windows NT 6.1; WOW64) AppleWebKit/537.36 (KHTML, like Gecko) Chrome/56.0.2924.87 Safari/537.36"
193.252.55.152 - - [24/Mar/2017:11:53:53 +0100] "GET /js/07c30c9.js HTTP/1.1" 200 171138 "http://www.passeport-securite-interim-btp.fr/login" "Mozilla/5.0 (Windows NT 6.1; WOW64) AppleWebKit/537.36 (KHTML, like Gecko) Chrome/56.0.2924.87 Safari/537.36"
193.252.55.152 - - [24/Mar/2017:11:53:53 +0100] "GET /bundles/app/img/logo.png HTTP/1.1" 200 1013 "http://www.passeport-securite-interim-btp.fr/login" "Mozilla/5.0 (Windows NT 6.1; WOW64) AppleWebKit/537.36 (KHTML, like Gecko) Chrome/56.0.2924.87 Safari/537.36"
193.252.55.152 - - [24/Mar/2017:11:53:54 +0100] "GET /bg.jpeg HTTP/1.1" 200 151239 "http://www.passeport-securite-interim-btp.fr/login" "Mozilla/5.0 (Windows NT 6.1; WOW64) AppleWebKit/537.36 (KHTML, like Gecko) Chrome/56.0.2924.87 Safari/537.36"
193.252.55.152 - - [24/Mar/2017:11:53:54 +0100] "GET /bundles/app/vendor/font-awesome/fonts/fontawesome-webfont.woff2?v=4.5.0 HTTP/1.1" 200 66894 "http://www.passeport-securite-interim-btp.fr/css/25271c8.css" "Mozilla/5.0 (Windows NT 6.1; WOW64) AppleWebKit/537.36 (KHTML, like Gecko) Chrome/56.0.2924.87 Safari/537.36"
193.252.55.152 - - [24/Mar/2017:11:53:54 +0100] "GET /favicon.png HTTP/1.1" 200 1094 "http://www.passeport-securite-interim-btp.fr/login" "Mozilla/5.0 (Windows NT 6.1; WOW64) AppleWebKit/537.36 (KHTML, like Gecko) Chrome/56.0.2924.87 Safari/537.36"
193.252.55.152 - - [24/Mar/2017:11:54:51 +0100] "GET / HTTP/1.1" 302 631 "-" "Mozilla/5.0 (Windows NT 6.1; WOW64) AppleWebKit/537.36 (KHTML, like Gecko) Chrome/56.0.2924.87 Safari/537.36"
193.252.55.152 - - [24/Mar/2017:11:54:51 +0100] "GET /login HTTP/1.1" 200 1772 "-" "Mozilla/5.0 (Windows NT 6.1; WOW64) AppleWebKit/537.36 (KHTML, like Gecko) Chrome/56.0.2924.87 Safari/537.36"
193.252.55.152 - - [24/Mar/2017:11:55:27 +0100] "POST /login_check HTTP/1.1" 302 563 "http://www.passeport-securite-interim-btp.fr/login" "Mozilla/5.0 (Windows NT 6.1; WOW64) AppleWebKit/537.36 (KHTML, like Gecko) Chrome/56.0.2924.87 Safari/537.36"
193.252.55.152 - - [24/Mar/2017:11:55:27 +0100] "GET /login HTTP/1.1" 200 1863 "http://www.passeport-securite-interim-btp.fr/login" "Mozilla/5.0 (Windows NT 6.1; WOW64) AppleWebKit/537.36 (KHTML, like Gecko) Chrome/56.0.2924.87 Safari/537.36"
193.252.55.152 - - [24/Mar/2017:11:56:07 +0100] "POST /login_check HTTP/1.1" 302 563 "http://www.passeport-securite-interim-btp.fr/login" "Mozilla/5.0 (Windows NT 6.1; WOW64) AppleWebKit/537.36 (KHTML, like Gecko) Chrome/56.0.2924.87 Safari/537.36"
193.252.55.152 - - [24/Mar/2017:11:56:07 +0100] "GET /login HTTP/1.1" 200 1863 "http://www.passeport-securite-interim-btp.fr/login" "Mozilla/5.0 (Windows NT 6.1; WOW64) AppleWebKit/537.36 (KHTML, like Gecko) Chrome/56.0.2924.87 Safari/537.36"
193.252.55.152 - - [24/Mar/2017:11:56:29 +0100] "GET / HTTP/1.1" 302 631 "-" "Mozilla/5.0 (Windows NT 6.1; WOW64) AppleWebKit/537.36 (KHTML, like Gecko) Chrome/56.0.2924.87 Safari/537.36"
193.252.55.152 - - [24/Mar/2017:11:56:29 +0100] "GET /login HTTP/1.1" 200 1769 "-" "Mozilla/5.0 (Windows NT 6.1; WOW64) AppleWebKit/537.36 (KHTML, like Gecko) Chrome/56.0.2924.87 Safari/537.36"
193.252.55.152 - - [24/Mar/2017:11:56:53 +0100] "POST /login_check HTTP/1.1" 302 563 "http://www.passeport-securite-interim-btp.fr/login" "Mozilla/5.0 (Windows NT 6.1; WOW64) AppleWebKit/537.36 (KHTML, like Gecko) Chrome/56.0.2924.87 Safari/537.36"
193.252.55.152 - - [24/Mar/2017:11:56:53 +0100] "GET /login HTTP/1.1" 200 1865 "http://www.passeport-securite-interim-btp.fr/login" "Mozilla/5.0 (Windows NT 6.1; WOW64) AppleWebKit/537.36 (KHTML, like Gecko) Chrome/56.0.2924.87 Safari/537.36"
193.252.55.152 - - [24/Mar/2017:11:57:29 +0100] "GET / HTTP/1.1" 302 631 "-" "Mozilla/5.0 (Windows NT 6.1; WOW64) AppleWebKit/537.36 (KHTML, like Gecko) Chrome/56.0.2924.87 Safari/537.36"
193.252.55.152 - - [24/Mar/2017:11:57:30 +0100] "GET /login HTTP/1.1" 200 1769 "-" "Mozilla/5.0 (Windows NT 6.1; WOW64) AppleWebKit/537.36 (KHTML, like Gecko) Chrome/56.0.2924.87 Safari/537.36"
193.252.55.152 - - [24/Mar/2017:11:58:03 +0100] "POST /login_check HTTP/1.1" 302 563 "http://www.passeport-securite-interim-btp.fr/login" "Mozilla/5.0 (Windows NT 6.1; WOW64) AppleWebKit/537.36 (KHTML, like Gecko) Chrome/56.0.2924.87 Safari/537.36"
193.252.55.152 - - [24/Mar/2017:11:58:03 +0100] "GET /login HTTP/1.1" 200 1862 "http://www.passeport-securite-interim-btp.fr/login" "Mozilla/5.0 (Windows NT 6.1; WOW64) AppleWebKit/537.36 (KHTML, like Gecko) Chrome/56.0.2924.87 Safari/537.36"
193.252.55.152 - - [24/Mar/2017:11:59:58 +0100] "GET / HTTP/1.1" 302 631 "-" "Mozilla/5.0 (Windows NT 6.1; WOW64) AppleWebKit/537.36 (KHTML, like Gecko) Chrome/56.0.2924.87 Safari/537.36"
193.252.55.152 - - [24/Mar/2017:11:59:58 +0100] "GET /login HTTP/1.1" 200 1773 "-" "Mozilla/5.0 (Windows NT 6.1; WOW64) AppleWebKit/537.36 (KHTML, like Gecko) Chrome/56.0.2924.87 Safari/537.36"
193.252.55.152 - - [24/Mar/2017:12:00:39 +0100] "POST /login_check HTTP/1.1" 302 563 "http://www.passeport-securite-interim-btp.fr/login" "Mozilla/5.0 (Windows NT 6.1; WOW64) AppleWebKit/537.36 (KHTML, like Gecko) Chrome/56.0.2924.87 Safari/537.36"
193.252.55.152 - - [24/Mar/2017:12:00:39 +0100] "GET /login HTTP/1.1" 200 1865 "http://www.passeport-securite-interim-btp.fr/login" "Mozilla/5.0 (Windows NT 6.1; WOW64) AppleWebKit/537.36 (KHTML, like Gecko) Chrome/56.0.2924.87 Safari/537.36"
81.249.155.117 - - [24/Mar/2017:14:00:36 +0100] "GET / HTTP/1.1" 302 631 "-" "Mozilla/5.0 (Macintosh; Intel Mac OS X 10.11; rv:52.0) Gecko/20100101 Firefox/52.0"
81.249.155.117 - - [24/Mar/2017:14:00:36 +0100] "GET /login HTTP/1.1" 200 1771 "-" "Mozilla/5.0 (Macintosh; Intel Mac OS X 10.11; rv:52.0) Gecko/20100101 Firefox/52.0"
81.249.155.117 - - [24/Mar/2017:14:00:37 +0100] "GET /bundles/app/vendor/modernizr/modernizr.js HTTP/1.1" 200 6043 "http://www.passeport-securite-interim-btp.fr/login" "Mozilla/5.0 (Macintosh; Intel Mac OS X 10.11; rv:52.0) Gecko/20100101 Firefox/52.0"
81.249.155.117 - - [24/Mar/2017:14:00:37 +0100] "GET /favicon.png HTTP/1.1" 200 1094 "-" "Mozilla/5.0 (Macintosh; Intel Mac OS X 10.11; rv:52.0) Gecko/20100101 Firefox/52.0"
81.249.155.117 - - [24/Mar/2017:14:00:37 +0100] "GET /css/25271c8.css HTTP/1.1" 200 84303 "http://www.passeport-securite-interim-btp.fr/login" "Mozilla/5.0 (Macintosh; Intel Mac OS X 10.11; rv:52.0) Gecko/20100101 Firefox/52.0"
81.249.155.117 - - [24/Mar/2017:14:00:37 +0100] "GET /js/07c30c9.js HTTP/1.1" 200 171139 "http://www.passeport-securite-interim-btp.fr/login" "Mozilla/5.0 (Macintosh; Intel Mac OS X 10.11; rv:52.0) Gecko/20100101 Firefox/52.0"
81.249.155.117 - - [24/Mar/2017:14:00:37 +0100] "GET /bundles/app/img/logo.png HTTP/1.1" 200 1013 "http://www.passeport-securite-interim-btp.fr/login" "Mozilla/5.0 (Macintosh; Intel Mac OS X 10.11; rv:52.0) Gecko/20100101 Firefox/52.0"
81.249.155.117 - - [24/Mar/2017:14:00:37 +0100] "GET /bg.jpeg HTTP/1.1" 200 151239 "http://www.passeport-securite-interim-btp.fr/login" "Mozilla/5.0 (Macintosh; Intel Mac OS X 10.11; rv:52.0) Gecko/20100101 Firefox/52.0"
81.249.155.117 - - [24/Mar/2017:14:00:37 +0100] "GET /bundles/app/vendor/font-awesome/fonts/fontawesome-webfont.woff2?v=4.5.0 HTTP/1.1" 200 66894 "http://www.passeport-securite-interim-btp.fr/css/25271c8.css" "Mozilla/5.0 (Macintosh; Intel Mac OS X 10.11; rv:52.0) Gecko/20100101 Firefox/52.0"
81.249.155.117 - - [24/Mar/2017:14:00:54 +0100] "POST /login_check HTTP/1.1" 302 563 "http://www.passeport-securite-interim-btp.fr/login" "Mozilla/5.0 (Macintosh; Intel Mac OS X 10.11; rv:52.0) Gecko/20100101 Firefox/52.0"
81.249.155.117 - - [24/Mar/2017:14:00:55 +0100] "GET /login HTTP/1.1" 200 1863 "http://www.passeport-securite-interim-btp.fr/login" "Mozilla/5.0 (Macintosh; Intel Mac OS X 10.11; rv:52.0) Gecko/20100101 Firefox/52.0"
81.249.155.117 - - [24/Mar/2017:14:00:59 +0100] "POST /login_check HTTP/1.1" 302 562 "http://www.passeport-securite-interim-btp.fr/login" "Mozilla/5.0 (Macintosh; Intel Mac OS X 10.11; rv:52.0) Gecko/20100101 Firefox/52.0"
81.249.155.117 - - [24/Mar/2017:14:00:59 +0100] "GET /login HTTP/1.1" 200 1863 "http://www.passeport-securite-interim-btp.fr/login" "Mozilla/5.0 (Macintosh; Intel Mac OS X 10.11; rv:52.0) Gecko/20100101 Firefox/52.0"
81.249.155.117 - - [24/Mar/2017:14:01:45 +0100] "POST /login_check HTTP/1.1" 302 563 "http://www.passeport-securite-interim-btp.fr/login" "Mozilla/5.0 (Macintosh; Intel Mac OS X 10.11; rv:52.0) Gecko/20100101 Firefox/52.0"
81.249.155.117 - - [24/Mar/2017:14:01:45 +0100] "GET /login HTTP/1.1" 200 1863 "http://www.passeport-securite-interim-btp.fr/login" "Mozilla/5.0 (Macintosh; Intel Mac OS X 10.11; rv:52.0) Gecko/20100101 Firefox/52.0"
81.249.155.117 - - [24/Mar/2017:14:01:49 +0100] "POST /login_check HTTP/1.1" 302 562 "http://www.passeport-securite-interim-btp.fr/login" "Mozilla/5.0 (Macintosh; Intel Mac OS X 10.11; rv:52.0) Gecko/20100101 Firefox/52.0"
81.249.155.117 - - [24/Mar/2017:14:01:49 +0100] "GET /login HTTP/1.1" 200 1863 "http://www.passeport-securite-interim-btp.fr/login" "Mozilla/5.0 (Macintosh; Intel Mac OS X 10.11; rv:52.0) Gecko/20100101 Firefox/52.0"
81.249.155.117 - - [24/Mar/2017:14:02:13 +0100] "POST /login_check HTTP/1.1" 302 563 "http://www.passeport-securite-interim-btp.fr/login" "Mozilla/5.0 (Macintosh; Intel Mac OS X 10.11; rv:52.0) Gecko/20100101 Firefox/52.0"
81.249.155.117 - - [24/Mar/2017:14:02:14 +0100] "GET /login HTTP/1.1" 200 1866 "http://www.passeport-securite-interim-btp.fr/login" "Mozilla/5.0 (Macintosh; Intel Mac OS X 10.11; rv:52.0) Gecko/20100101 Firefox/52.0"
81.249.155.117 - - [24/Mar/2017:14:02:31 +0100] "POST /login_check HTTP/1.1" 302 622 "http://www.passeport-securite-interim-btp.fr/login" "Mozilla/5.0 (Macintosh; Intel Mac OS X 10.11; rv:52.0) Gecko/20100101 Firefox/52.0"
81.249.155.117 - - [24/Mar/2017:14:02:32 +0100] "GET / HTTP/1.1" 302 497 "http://www.passeport-securite-interim-btp.fr/login" "Mozilla/5.0 (Macintosh; Intel Mac OS X 10.11; rv:52.0) Gecko/20100101 Firefox/52.0"
81.249.155.117 - - [24/Mar/2017:14:02:32 +0100] "GET /statistiques/ HTTP/1.1" 200 3343 "http://www.passeport-securite-interim-btp.fr/login" "Mozilla/5.0 (Macintosh; Intel Mac OS X 10.11; rv:52.0) Gecko/20100101 Firefox/52.0"
81.249.155.117 - - [24/Mar/2017:14:02:32 +0100] "GET /css/index.css HTTP/1.1" 200 86230 "http://www.passeport-securite-interim-btp.fr/statistiques/" "Mozilla/5.0 (Macintosh; Intel Mac OS X 10.11; rv:52.0) Gecko/20100101 Firefox/52.0"
81.249.155.117 - - [24/Mar/2017:14:02:33 +0100] "GET /js/fc7256b.js HTTP/1.1" 200 119164 "http://www.passeport-securite-interim-btp.fr/statistiques/" "Mozilla/5.0 (Macintosh; Intel Mac OS X 10.11; rv:52.0) Gecko/20100101 Firefox/52.0"
81.249.155.117 - - [24/Mar/2017:14:02:33 +0100] "GET /js/4da714a.js HTTP/1.1" 200 347243 "http://www.passeport-securite-interim-btp.fr/statistiques/" "Mozilla/5.0 (Macintosh; Intel Mac OS X 10.11; rv:52.0) Gecko/20100101 Firefox/52.0"
193.252.55.152 - - [24/Mar/2017:14:06:41 +0100] "GET / HTTP/1.1" 302 631 "-" "Mozilla/5.0 (Windows NT 6.1; WOW64) AppleWebKit/537.36 (KHTML, like Gecko) Chrome/56.0.2924.87 Safari/537.36"
193.252.55.152 - - [24/Mar/2017:14:06:41 +0100] "GET / HTTP/1.1" 302 631 "-" "Mozilla/5.0 (Windows NT 6.1; WOW64) AppleWebKit/537.36 (KHTML, like Gecko) Chrome/56.0.2924.87 Safari/537.36"
193.252.55.152 - - [24/Mar/2017:14:06:41 +0100] "GET /login HTTP/1.1" 200 1768 "-" "Mozilla/5.0 (Windows NT 6.1; WOW64) AppleWebKit/537.36 (KHTML, like Gecko) Chrome/56.0.2924.87 Safari/537.36"
193.252.55.152 - - [24/Mar/2017:14:06:41 +0100] "GET /login HTTP/1.1" 200 1772 "-" "Mozilla/5.0 (Windows NT 6.1; WOW64) AppleWebKit/537.36 (KHTML, like Gecko) Chrome/56.0.2924.87 Safari/537.36"
81.249.155.117 - - [24/Mar/2017:14:07:07 +0100] "GET /annuaire HTTP/1.1" 200 3131 "http://www.passeport-securite-interim-btp.fr/statistiques/" "Mozilla/5.0 (Macintosh; Intel Mac OS X 10.11; rv:52.0) Gecko/20100101 Firefox/52.0"
81.249.155.117 - - [24/Mar/2017:14:07:14 +0100] "GET / HTTP/1.1" 302 498 "http://www.passeport-securite-interim-btp.fr/annuaire" "Mozilla/5.0 (Macintosh; Intel Mac OS X 10.11; rv:52.0) Gecko/20100101 Firefox/52.0"
81.249.155.117 - - [24/Mar/2017:14:07:14 +0100] "GET /statistiques/ HTTP/1.1" 200 3343 "http://www.passeport-securite-interim-btp.fr/annuaire" "Mozilla/5.0 (Macintosh; Intel Mac OS X 10.11; rv:52.0) Gecko/20100101 Firefox/52.0"
193.252.55.152 - - [24/Mar/2017:14:07:43 +0100] "POST /login_check HTTP/1.1" 302 563 "http://www.passeport-securite-interim-btp.fr/login" "Mozilla/5.0 (Windows NT 6.1; WOW64) AppleWebKit/537.36 (KHTML, like Gecko) Chrome/56.0.2924.87 Safari/537.36"
193.252.55.152 - - [24/Mar/2017:14:07:43 +0100] "GET /login HTTP/1.1" 200 1853 "http://www.passeport-securite-interim-btp.fr/login" "Mozilla/5.0 (Windows NT 6.1; WOW64) AppleWebKit/537.36 (KHTML, like Gecko) Chrome/56.0.2924.87 Safari/537.36"
81.249.155.117 - - [24/Mar/2017:14:08:26 +0100] "GET /logout HTTP/1.1" 302 622 "http://www.passeport-securite-interim-btp.fr/statistiques/" "Mozilla/5.0 (Macintosh; Intel Mac OS X 10.11; rv:52.0) Gecko/20100101 Firefox/52.0"
81.249.155.117 - - [24/Mar/2017:14:08:26 +0100] "GET / HTTP/1.1" 302 562 "http://www.passeport-securite-interim-btp.fr/statistiques/" "Mozilla/5.0 (Macintosh; Intel Mac OS X 10.11; rv:52.0) Gecko/20100101 Firefox/52.0"
81.249.155.117 - - [24/Mar/2017:14:08:26 +0100] "GET /login HTTP/1.1" 200 1770 "http://www.passeport-securite-interim-btp.fr/statistiques/" "Mozilla/5.0 (Macintosh; Intel Mac OS X 10.11; rv:52.0) Gecko/20100101 Firefox/52.0"
193.252.55.152 - - [24/Mar/2017:14:08:49 +0100] "POST /login_check HTTP/1.1" 302 622 "http://www.passeport-securite-interim-btp.fr/login" "Mozilla/5.0 (Windows NT 6.1; WOW64) AppleWebKit/537.36 (KHTML, like Gecko) Chrome/56.0.2924.87 Safari/537.36"
193.252.55.152 - - [24/Mar/2017:14:08:49 +0100] "GET / HTTP/1.1" 302 497 "http://www.passeport-securite-interim-btp.fr/login" "Mozilla/5.0 (Windows NT 6.1; WOW64) AppleWebKit/537.36 (KHTML, like Gecko) Chrome/56.0.2924.87 Safari/537.36"
193.252.55.152 - - [24/Mar/2017:14:08:49 +0100] "GET /statistiques/ HTTP/1.1" 200 3343 "http://www.passeport-securite-interim-btp.fr/login" "Mozilla/5.0 (Windows NT 6.1; WOW64) AppleWebKit/537.36 (KHTML, like Gecko) Chrome/56.0.2924.87 Safari/537.36"
193.252.55.152 - - [24/Mar/2017:14:08:50 +0100] "GET /css/index.css HTTP/1.1" 200 86230 "http://www.passeport-securite-interim-btp.fr/statistiques/" "Mozilla/5.0 (Windows NT 6.1; WOW64) AppleWebKit/537.36 (KHTML, like Gecko) Chrome/56.0.2924.87 Safari/537.36"
193.252.55.152 - - [24/Mar/2017:14:08:50 +0100] "GET /js/4da714a.js HTTP/1.1" 200 347243 "http://www.passeport-securite-interim-btp.fr/statistiques/" "Mozilla/5.0 (Windows NT 6.1; WOW64) AppleWebKit/537.36 (KHTML, like Gecko) Chrome/56.0.2924.87 Safari/537.36"
193.252.55.152 - - [24/Mar/2017:14:08:50 +0100] "GET /js/fc7256b.js HTTP/1.1" 200 119163 "http://www.passeport-securite-interim-btp.fr/statistiques/" "Mozilla/5.0 (Windows NT 6.1; WOW64) AppleWebKit/537.36 (KHTML, like Gecko) Chrome/56.0.2924.87 Safari/537.36"
81.249.155.117 - - [24/Mar/2017:14:08:56 +0100] "POST /login_check HTTP/1.1" 302 622 "http://www.passeport-securite-interim-btp.fr/login" "Mozilla/5.0 (Macintosh; Intel Mac OS X 10.11; rv:52.0) Gecko/20100101 Firefox/52.0"
81.249.155.117 - - [24/Mar/2017:14:08:56 +0100] "GET / HTTP/1.1" 302 497 "http://www.passeport-securite-interim-btp.fr/login" "Mozilla/5.0 (Macintosh; Intel Mac OS X 10.11; rv:52.0) Gecko/20100101 Firefox/52.0"
81.249.155.117 - - [24/Mar/2017:14:08:56 +0100] "GET /statistiques/ HTTP/1.1" 200 3343 "http://www.passeport-securite-interim-btp.fr/login" "Mozilla/5.0 (Macintosh; Intel Mac OS X 10.11; rv:52.0) Gecko/20100101 Firefox/52.0"
81.249.155.117 - - [24/Mar/2017:14:15:54 +0100] "POST /login_check HTTP/1.1" 302 622 "http://www.passeport-securite-interim-btp.fr/login" "Mozilla/5.0 (Macintosh; Intel Mac OS X 10.11; rv:52.0) Gecko/20100101 Firefox/52.0"
81.249.155.117 - - [24/Mar/2017:14:15:55 +0100] "GET / HTTP/1.1" 302 497 "http://www.passeport-securite-interim-btp.fr/login" "Mozilla/5.0 (Macintosh; Intel Mac OS X 10.11; rv:52.0) Gecko/20100101 Firefox/52.0"
81.249.155.117 - - [24/Mar/2017:14:15:55 +0100] "GET /statistiques/ HTTP/1.1" 200 3343 "http://www.passeport-securite-interim-btp.fr/login" "Mozilla/5.0 (Macintosh; Intel Mac OS X 10.11; rv:52.0) Gecko/20100101 Firefox/52.0"
81.249.155.117 - - [24/Mar/2017:14:16:50 +0100] "GET /annuaire HTTP/1.1" 200 3131 "http://www.passeport-securite-interim-btp.fr/statistiques/" "Mozilla/5.0 (Macintosh; Intel Mac OS X 10.11; rv:52.0) Gecko/20100101 Firefox/52.0"
81.249.155.117 - - [24/Mar/2017:14:19:04 +0100] "GET /annuaire HTTP/1.1" 200 3131 "http://www.passeport-securite-interim-btp.fr/annuaire" "Mozilla/5.0 (Macintosh; Intel Mac OS X 10.11; rv:52.0) Gecko/20100101 Firefox/52.0"
193.252.55.152 - - [24/Mar/2017:14:19:29 +0100] "GET /annuaire HTTP/1.1" 200 3133 "http://www.passeport-securite-interim-btp.fr/statistiques/" "Mozilla/5.0 (Windows NT 6.1; WOW64) AppleWebKit/537.36 (KHTML, like Gecko) Chrome/56.0.2924.87 Safari/537.36"
81.249.155.117 - - [24/Mar/2017:14:19:30 +0100] "GET /annuaire HTTP/1.1" 200 3131 "http://www.passeport-securite-interim-btp.fr/annuaire" "Mozilla/5.0 (Macintosh; Intel Mac OS X 10.11; rv:52.0) Gecko/20100101 Firefox/52.0"
81.249.155.117 - - [24/Mar/2017:14:20:31 +0100] "GET /annuaire?annuaire%5Bcode%5D=&annuaire%5Bnom%5D=&annuaire%5Bprenom%5D=&annuaire%5Bbirthday%5D=&annuaire%5B_token%5D=RBNfinCWL12QUsZ1PiVIbZ_Rpqctvh_aX86_AhtxIk4 HTTP/1.1" 200 3131 "http://www.passeport-securite-interim-btp.fr/annuaire" "Mozilla/5.0 (Macintosh; Intel Mac OS X 10.11; rv:52.0) Gecko/20100101 Firefox/52.0"
81.249.155.117 - - [24/Mar/2017:14:21:20 +0100] "GET /organismes-formations HTTP/1.1" 200 2458 "http://www.passeport-securite-interim-btp.fr/annuaire?annuaire%5Bcode%5D=&annuaire%5Bnom%5D=&annuaire%5Bprenom%5D=&annuaire%5Bbirthday%5D=&annuaire%5B_token%5D=RBNfinCWL12QUsZ1PiVIbZ_Rpqctvh_aX86_AhtxIk4" "Mozilla/5.0 (Macintosh; Intel Mac OS X 10.11; rv:52.0) Gecko/20100101 Firefox/52.0"
193.252.55.152 - - [24/Mar/2017:14:21:21 +0100] "GET /organismes-formations HTTP/1.1" 200 2458 "http://www.passeport-securite-interim-btp.fr/annuaire" "Mozilla/5.0 (Windows NT 6.1; WOW64) AppleWebKit/537.36 (KHTML, like Gecko) Chrome/56.0.2924.87 Safari/537.36"
81.249.155.117 - - [24/Mar/2017:14:23:28 +0100] "GET /annuaire HTTP/1.1" 200 3131 "http://www.passeport-securite-interim-btp.fr/organismes-formations" "Mozilla/5.0 (Macintosh; Intel Mac OS X 10.11; rv:52.0) Gecko/20100101 Firefox/52.0"
81.249.155.117 - - [24/Mar/2017:14:23:31 +0100] "GET /organismes-formations HTTP/1.1" 200 2457 "http://www.passeport-securite-interim-btp.fr/annuaire" "Mozilla/5.0 (Macintosh; Intel Mac OS X 10.11; rv:52.0) Gecko/20100101 Firefox/52.0"
81.249.155.117 - - [24/Mar/2017:14:24:51 +0100] "GET /annuaire HTTP/1.1" 200 3131 "http://www.passeport-securite-interim-btp.fr/organismes-formations" "Mozilla/5.0 (Macintosh; Intel Mac OS X 10.11; rv:52.0) Gecko/20100101 Firefox/52.0"
193.252.55.152 - - [24/Mar/2017:14:24:57 +0100] "GET /annuaire HTTP/1.1" 200 3133 "http://www.passeport-securite-interim-btp.fr/organismes-formations" "Mozilla/5.0 (Windows NT 6.1; WOW64) AppleWebKit/537.36 (KHTML, like Gecko) Chrome/56.0.2924.87 Safari/537.36"
81.249.155.117 - - [24/Mar/2017:14:25:04 +0100] "GET /organismes-formations HTTP/1.1" 200 2458 "http://www.passeport-securite-interim-btp.fr/annuaire" "Mozilla/5.0 (Macintosh; Intel Mac OS X 10.11; rv:52.0) Gecko/20100101 Firefox/52.0"
193.252.55.152 - - [24/Mar/2017:14:26:58 +0100] "GET /utilisateurs/ETT HTTP/1.1" 200 2580 "http://www.passeport-securite-interim-btp.fr/annuaire" "Mozilla/5.0 (Windows NT 6.1; WOW64) AppleWebKit/537.36 (KHTML, like Gecko) Chrome/56.0.2924.87 Safari/537.36"
81.249.155.117 - - [24/Mar/2017:14:27:00 +0100] "GET /utilisateurs/ETT HTTP/1.1" 200 2580 "http://www.passeport-securite-interim-btp.fr/organismes-formations" "Mozilla/5.0 (Macintosh; Intel Mac OS X 10.11; rv:52.0) Gecko/20100101 Firefox/52.0"
193.252.55.152 - - [24/Mar/2017:14:27:08 +0100] "GET /utilisateur/ETT/ajouter HTTP/1.1" 200 3144 "http://www.passeport-securite-interim-btp.fr/utilisateurs/ETT" "Mozilla/5.0 (Windows NT 6.1; WOW64) AppleWebKit/537.36 (KHTML, like Gecko) Chrome/56.0.2924.87 Safari/537.36"
193.252.55.152 - - [24/Mar/2017:14:27:23 +0100] "GET /utilisateurs/ETT HTTP/1.1" 200 2580 "http://www.passeport-securite-interim-btp.fr/utilisateur/ETT/ajouter" "Mozilla/5.0 (Windows NT 6.1; WOW64) AppleWebKit/537.36 (KHTML, like Gecko) Chrome/56.0.2924.87 Safari/537.36"
193.252.55.152 - - [24/Mar/2017:14:27:35 +0100] "GET /utilisateur/ETT/ajouter HTTP/1.1" 200 3144 "http://www.passeport-securite-interim-btp.fr/utilisateurs/ETT" "Mozilla/5.0 (Windows NT 6.1; WOW64) AppleWebKit/537.36 (KHTML, like Gecko) Chrome/56.0.2924.87 Safari/537.36"
81.249.155.117 - - [24/Mar/2017:14:28:06 +0100] "GET /apprenants/ HTTP/1.1" 200 2585 "http://www.passeport-securite-interim-btp.fr/utilisateurs/ETT" "Mozilla/5.0 (Macintosh; Intel Mac OS X 10.11; rv:52.0) Gecko/20100101 Firefox/52.0"
81.249.155.117 - - [24/Mar/2017:14:28:09 +0100] "GET /apprenants/ajouter HTTP/1.1" 200 3348 "http://www.passeport-securite-interim-btp.fr/apprenants/" "Mozilla/5.0 (Macintosh; Intel Mac OS X 10.11; rv:52.0) Gecko/20100101 Firefox/52.0"
81.249.155.117 - - [24/Mar/2017:14:28:09 +0100] "GET /js/7ed717a.js HTTP/1.1" 200 20537 "http://www.passeport-securite-interim-btp.fr/apprenants/ajouter" "Mozilla/5.0 (Macintosh; Intel Mac OS X 10.11; rv:52.0) Gecko/20100101 Firefox/52.0"
193.252.55.152 - - [24/Mar/2017:14:28:17 +0100] "GET /utilisateurs/OF HTTP/1.1" 200 2572 "http://www.passeport-securite-interim-btp.fr/utilisateur/ETT/ajouter" "Mozilla/5.0 (Windows NT 6.1; WOW64) AppleWebKit/537.36 (KHTML, like Gecko) Chrome/56.0.2924.87 Safari/537.36"
193.252.55.152 - - [24/Mar/2017:14:28:20 +0100] "GET /annuaire HTTP/1.1" 200 3132 "http://www.passeport-securite-interim-btp.fr/utilisateurs/OF" "Mozilla/5.0 (Windows NT 6.1; WOW64) AppleWebKit/537.36 (KHTML, like Gecko) Chrome/56.0.2924.87 Safari/537.36"
193.252.55.152 - - [24/Mar/2017:14:28:34 +0100] "GET /organismes-formations HTTP/1.1" 200 2458 "http://www.passeport-securite-interim-btp.fr/annuaire" "Mozilla/5.0 (Windows NT 6.1; WOW64) AppleWebKit/537.36 (KHTML, like Gecko) Chrome/56.0.2924.87 Safari/537.36"
193.252.55.152 - - [24/Mar/2017:14:28:51 +0100] "GET /organismes-formations HTTP/1.1" 200 2458 "http://www.passeport-securite-interim-btp.fr/organismes-formations" "Mozilla/5.0 (Windows NT 6.1; WOW64) AppleWebKit/537.36 (KHTML, like Gecko) Chrome/56.0.2924.87 Safari/537.36"
193.252.55.152 - - [24/Mar/2017:14:29:22 +0100] "GET /apprenants/ajouter HTTP/1.1" 200 3348 "http://www.passeport-securite-interim-btp.fr/organismes-formations" "Mozilla/5.0 (Windows NT 6.1; WOW64) AppleWebKit/537.36 (KHTML, like Gecko) Chrome/56.0.2924.87 Safari/537.36"
193.252.55.152 - - [24/Mar/2017:14:29:22 +0100] "GET /js/7ed717a.js HTTP/1.1" 200 20537 "http://www.passeport-securite-interim-btp.fr/apprenants/ajouter" "Mozilla/5.0 (Windows NT 6.1; WOW64) AppleWebKit/537.36 (KHTML, like Gecko) Chrome/56.0.2924.87 Safari/537.36"
81.249.155.117 - - [24/Mar/2017:14:30:19 +0100] "GET /organismes-formations HTTP/1.1" 200 2458 "http://www.passeport-securite-interim-btp.fr/apprenants/ajouter" "Mozilla/5.0 (Macintosh; Intel Mac OS X 10.11; rv:52.0) Gecko/20100101 Firefox/52.0"
193.252.55.152 - - [24/Mar/2017:14:30:19 +0100] "GET /organismes-formations HTTP/1.1" 200 2458 "http://www.passeport-securite-interim-btp.fr/apprenants/ajouter" "Mozilla/5.0 (Windows NT 6.1; WOW64) AppleWebKit/537.36 (KHTML, like Gecko) Chrome/56.0.2924.87 Safari/537.36"
81.249.155.117 - - [24/Mar/2017:14:30:20 +0100] "GET /annuaire HTTP/1.1" 200 3130 "http://www.passeport-securite-interim-btp.fr/organismes-formations" "Mozilla/5.0 (Macintosh; Intel Mac OS X 10.11; rv:52.0) Gecko/20100101 Firefox/52.0"
193.252.55.152 - - [24/Mar/2017:14:32:26 +0100] "GET /utilisateurs/ETT HTTP/1.1" 200 2580 "http://www.passeport-securite-interim-btp.fr/organismes-formations" "Mozilla/5.0 (Windows NT 6.1; WOW64) AppleWebKit/537.36 (KHTML, like Gecko) Chrome/56.0.2924.87 Safari/537.36"
193.252.55.152 - - [24/Mar/2017:14:32:28 +0100] "GET /utilisateur/ETT/ajouter HTTP/1.1" 200 3143 "http://www.passeport-securite-interim-btp.fr/utilisateurs/ETT" "Mozilla/5.0 (Windows NT 6.1; WOW64) AppleWebKit/537.36 (KHTML, like Gecko) Chrome/56.0.2924.87 Safari/537.36"
81.249.155.117 - - [24/Mar/2017:14:40:22 +0100] "GET /organismes-formations HTTP/1.1" 200 2458 "http://www.passeport-securite-interim-btp.fr/annuaire" "Mozilla/5.0 (Macintosh; Intel Mac OS X 10.11; rv:52.0) Gecko/20100101 Firefox/52.0"
193.252.55.152 - - [24/Mar/2017:14:41:07 +0100] "GET /annuaire HTTP/1.1" 200 3133 "http://www.passeport-securite-interim-btp.fr/utilisateur/ETT/ajouter" "Mozilla/5.0 (Windows NT 6.1; WOW64) AppleWebKit/537.36 (KHTML, like Gecko) Chrome/56.0.2924.87 Safari/537.36"
193.252.55.152 - - [24/Mar/2017:14:41:33 +0100] "GET /apprenants/ HTTP/1.1" 200 2585 "http://www.passeport-securite-interim-btp.fr/annuaire" "Mozilla/5.0 (Windows NT 6.1; WOW64) AppleWebKit/537.36 (KHTML, like Gecko) Chrome/56.0.2924.87 Safari/537.36"
81.249.155.117 - - [24/Mar/2017:14:41:34 +0100] "GET /apprenants/ HTTP/1.1" 200 2585 "http://www.passeport-securite-interim-btp.fr/organismes-formations" "Mozilla/5.0 (Macintosh; Intel Mac OS X 10.11; rv:52.0) Gecko/20100101 Firefox/52.0"
193.252.55.152 - - [24/Mar/2017:14:41:37 +0100] "GET /apprenants/ajouter HTTP/1.1" 200 3347 "http://www.passeport-securite-interim-btp.fr/apprenants/" "Mozilla/5.0 (Windows NT 6.1; WOW64) AppleWebKit/537.36 (KHTML, like Gecko) Chrome/56.0.2924.87 Safari/537.36"
81.249.155.117 - - [24/Mar/2017:14:41:47 +0100] "GET /apprenants/ajouter HTTP/1.1" 200 3349 "http://www.passeport-securite-interim-btp.fr/apprenants/" "Mozilla/5.0 (Macintosh; Intel Mac OS X 10.11; rv:52.0) Gecko/20100101 Firefox/52.0"
81.249.155.117 - - [24/Mar/2017:14:42:16 +0100] "GET /apprenants/ HTTP/1.1" 200 2585 "http://www.passeport-securite-interim-btp.fr/apprenants/ajouter" "Mozilla/5.0 (Macintosh; Intel Mac OS X 10.11; rv:52.0) Gecko/20100101 Firefox/52.0"
193.252.55.152 - - [24/Mar/2017:14:42:23 +0100] "GET /apprenants/ HTTP/1.1" 200 2585 "http://www.passeport-securite-interim-btp.fr/apprenants/ajouter" "Mozilla/5.0 (Windows NT 6.1; WOW64) AppleWebKit/537.36 (KHTML, like Gecko) Chrome/56.0.2924.87 Safari/537.36"
193.252.55.152 - - [24/Mar/2017:14:42:25 +0100] "GET /apprenants/ajouter HTTP/1.1" 200 3347 "http://www.passeport-securite-interim-btp.fr/apprenants/" "Mozilla/5.0 (Windows NT 6.1; WOW64) AppleWebKit/537.36 (KHTML, like Gecko) Chrome/56.0.2924.87 Safari/537.36"
81.249.155.117 - - [24/Mar/2017:14:42:40 +0100] "GET /apprenants/ajouter HTTP/1.1" 200 3349 "http://www.passeport-securite-interim-btp.fr/apprenants/" "Mozilla/5.0 (Macintosh; Intel Mac OS X 10.11; rv:52.0) Gecko/20100101 Firefox/52.0"
81.249.155.117 - - [24/Mar/2017:14:42:41 +0100] "GET /apprenants/ HTTP/1.1" 200 2584 "http://www.passeport-securite-interim-btp.fr/apprenants/ajouter" "Mozilla/5.0 (Macintosh; Intel Mac OS X 10.11; rv:52.0) Gecko/20100101 Firefox/52.0"
81.249.155.117 - - [24/Mar/2017:14:42:51 +0100] "GET /apprenants/ajouter-manuellement HTTP/1.1" 500 564 "http://www.passeport-securite-interim-btp.fr/apprenants/" "Mozilla/5.0 (Macintosh; Intel Mac OS X 10.11; rv:52.0) Gecko/20100101 Firefox/52.0"
